[info] welcome to sbt 1.10.10 (Eclipse Adoptium Java 11.0.19)
[info] loading settings for project income-tax-obligations-frontend-build from plugins.sbt...
[info] loading project definition from /Users/ryanglossop/Desktop/ViewAndChange/income-tax-obligations-frontend/project
[info] SbtAutoBuildPlugin - adding projectSettings
[info] loading settings for project income-tax-obligations-frontend from build.sbt...
[info] SbtAutoBuildPlugin - adding projectSettings
[info] SbtAutoBuildPlugin - adding global settings
[info] SbtAutoBuildPlugin - repository is marked public. Licence headers will be added to all source files
[info] SbtAutoBuildPlugin - repository is marked public. Licence headers will be added to all source files
[info]   __              __
[info]   \ \     ____   / /____ _ __  __
[info]    \ \   / __ \ / // __ `// / / /
[info]    / /  / /_/ // // /_/ // /_/ /
[info]   /_/  / .___//_/ \__,_/ \__, /
[info]       /_/               /____/
[info] 
[info] Version 3.0.11 running Java 11.0.19
[info] 
[info] Play is run entirely by the community. Please consider contributing and/or donating:
[info] https://www.playframework.com/sponsors
[info] 
[error] Expected key
[error] Not a valid key: Test (similar: test, testOnly, dist)
[error] test:Test/testOnly
[error]          ^
